---
source: crates/harness-tui/tests/graph.rs
expression: "render(&s, 80, 24)"
---
" harness-rs │ m │ only-flagged │ ↑0 ↓0        Enter envia · ? help · Ctrl+C sai "
"┌ agentes (setas/hjkl navega · Enter chat · m msg · i injeta · x interrompe) ──┐"
"│                                                                              │"
"│                                ┌────────────┐                                │"
"│                                │● root      │                                │"
"│                                └────────────┘                                │"
"│                                       │                                      │"
"│┌────────────┐                                                  ┌────────────┐│"
"││● research  │                                                  │○ code      ││"
"│└────────────┘                                                  └────────────┘│"
"│       │                                                                      │"
"│┌────────────┐                                                  ┌────────────┐│"
"││✓ fetch     │                                                  │■ sum       ││"
"│└────────────┘                                                  └────────────┘│"
"│                                                                              │"
"│                                                                              │"
"│                                                                              │"
"│                                                                              │"
"│                                                                              │"
"│                                                                              │"
"└──────────────────────────────────────────────────────────────────────────────┘"
"┌input─────────────────────────────────────────────────────────────────────────┐"
"│                                                                              │"
"└──────────────────────────────────────────────────────────────────────────────┘"
