---
source: crates/harness-tui/tests/markdown.rs
expression: text
---
Text::from_iter([
    Line::from_iter([
        Span::from("# ").bold().underlined(),
        Span::from("Title").bold().underlined(),
    ]),
    Line::default(),
    Line::from_iter([
        Span::from("Some "),
        Span::from("bold").bold(),
        Span::from(" and "),
        Span::from("code").on_dark_gray(),
        Span::from(" inline."),
    ]),
    Line::default(),
])
