---
source: crates/harness-tui/tests/providers.rs
expression: "format!(\"{}\", term.backend())"
---
" harness-rs │ m │ only-flagged │ ↑0 ↓0        Enter envia · ? help · Ctrl+C sai "
"┌ providers (j/↑↓ navega · k chave · a adicionar · t testar · d remover · Esc v┐"
"│ ● anthropic │ anthropic │ https://api.anthropic.com/v1                       │"
"│ ○ openai │ anthropic │ https://api.anthropic.com/v1                          │"
"│ ○ google │ anthropic │ https://api.anthropic.com/v1                          │"
"│                                                                              │"
"│                                                                              │"
"│                                                                              │"
"│                                                                              │"
"│                                                                              │"
"│                                                                              │"
"│                                                                              │"
"│                                                                              │"
"│                                                                              │"
"│                                                                              │"
"│                                                                              │"
"│                                                                              │"
"│                                                                              │"
"│                                                                              │"
"│                                                                              │"
"└──────────────────────────────────────────────────────────────────────────────┘"
"┌input─────────────────────────────────────────────────────────────────────────┐"
"│                                                                              │"
"└──────────────────────────────────────────────────────────────────────────────┘"
